============================================================
   Tang Dynasty, V5.6.119222
      Copyright (c) 2012-2024 Anlogic Inc.
   Executable = D:/Software/TD5.6/bin/td.exe
   Built at =   17:28:21 May 30 2024
   Run by =     kikt
   Run Date =   Thu Mar 27 18:18:08 2025

   Run on =     DESKTOP-JTBVN6N
============================================================
RUN-1002 : start command "open_project BAK_DEMO.prj -phy"
RUN-1002 : start command "import_device ef2_1.db -package EF2L15LG100B"
ARC-1001 : Device Initialization.
ARC-1001 : -----------------------------------------------------
ARC-1001 :       OPTION       |        IO         |   SETTING   
ARC-1001 : -----------------------------------------------------
ARC-1001 :        done        |        P76        |    gpio    
ARC-1001 :        initn       |        P77        |    gpio    
ARC-1001 :       jtagen       |        P82        |    gpio    
ARC-1001 :      programn      |        P81        |  dedicate  
ARC-1001 :   tdi/tms/tck/tdo  |  P94/P90/P91/P95  |  dedicate  
ARC-1001 : -----------------------------------------------------
ARC-1004 : Device setting, marked 5 dedicate IOs in total.
RUN-1002 : start command "import_db ../syn_1/BAK_DEMO_gate.db"
RUN-1001 : Importing database generated by Tang Dynasty, V5.6.119222.
RUN-1001 : Database version number 46146.
RUN-1001 : Import flow parameters
RUN-1001 : Import IO constraints
RUN-1001 : Import Inst constraints
RUN-1001 : Import design success TD_VERSION=5.6.119222 , DB_VERSION=46146
RUN-1002 : start command "place"
RUN-1001 : Open license file D:/Software/TD5.6/license/Anlogic.lic
RUN-1001 : Print Global Property
RUN-1001 : ---------------------------------------------------------------
RUN-1001 :        Parameters        |  Settings  |  Default Values  |  Note  
RUN-1001 : ---------------------------------------------------------------
RUN-1001 :          message         |  standard  |     standard     |        
RUN-1001 :   mixed_pack_place_flow  |     on     |        on        |        
RUN-1001 :        qor_monitor       |    off     |       off        |        
RUN-1001 :        syn_ip_flow       |    off     |       off        |        
RUN-1001 :          thread          |    auto    |       auto       |        
RUN-1001 : ---------------------------------------------------------------
RUN-1001 : Print Place Property
RUN-1001 : --------------------------------------------------------------
RUN-1001 :        Parameters       |  Settings  |  Default Values  |  Note  
RUN-1001 : --------------------------------------------------------------
RUN-1001 :      detailed_place     |     on     |        on        |        
RUN-1001 :          effort         |   medium   |      medium      |        
RUN-1001 :         fix_hold        |    off     |       off        |        
RUN-1001 :       legalization      |    new     |       new        |        
RUN-1001 :      new_spreading      |     on     |        on        |        
RUN-1001 :        opt_timing       |   medium   |      medium      |        
RUN-1001 :   post_clock_route_opt  |    off     |       off        |        
RUN-1001 :       pr_strategy       |     1      |        1         |        
RUN-1001 :        relaxation       |    1.00    |       1.00       |        
RUN-1001 :         retiming        |    off     |       off        |        
RUN-1001 : --------------------------------------------------------------
PHY-3001 : Placer runs in 12 thread(s).
RUN-1002 : start command "legalize_phy_inst"
SYN-1011 : Flatten model SGPIO_DEMO_TOP
RUN-1002 : start command "phys_opt -simplify_lut"
SYN-4016 : Net u_bak_demo/clk0_out driven by BUFG (0 clock/control pins, 1 other pins).
SYN-4019 : Net sys_clk_dup_1 is refclk of pll u_bak_demo/pll_inst.
SYN-4020 : Net u_bak_demo/clk0_out is fbclk of pll u_bak_demo/pll_inst.
SYN-4025 : Tag rtl::Net sys_clk_dup_1 as clock net
SYN-4025 : Tag rtl::Net u_bak_demo/clk0_out as clock net
SYN-4026 : Tagged 2 rtl::Net as clock net
SYN-4015 : Create BUFG instance for clk Net sys_clk_dup_1 to drive 74 clock pins.
PHY-1001 : Populate physical database on model SGPIO_DEMO_TOP.
RUN-1001 : There are total 185 instances
RUN-0007 : 74 luts, 69 seqs, 20 mslices, 10 lslices, 6 pads, 0 brams, 0 dsps
RUN-1001 : There are total 217 nets
RUN-1001 : 117 nets have 2 pins
RUN-1001 : 73 nets have [3 - 5] pins
RUN-1001 : 17 nets have [6 - 10] pins
RUN-1001 : 7 nets have [11 - 20] pins
RUN-1001 : 2 nets have [21 - 99] pins
RUN-1001 : 1 nets have 100+ pins
RUN-1001 : Report Control nets information:
RUN-1001 : DFF Distribution
RUN-1001 : ----------------------------------
RUN-1001 :   CE   |  SSR  |  ASR  |  DFF Count  
RUN-1001 : ----------------------------------
RUN-1001 :   No   |  No   |  No   |     16      
RUN-1001 :   No   |  No   |  Yes  |     37      
RUN-1001 :   No   |  Yes  |  No   |      0      
RUN-1001 :   Yes  |  No   |  No   |      0      
RUN-1001 :   Yes  |  No   |  Yes  |     16      
RUN-1001 :   Yes  |  Yes  |  No   |      0      
RUN-1001 : ----------------------------------
RUN-0007 : Control Group Statistic
RUN-0007 : ---------------------------
RUN-0007 :   #CLK  |  #CE  |  #SSR/ASR  
RUN-0007 : ---------------------------
RUN-0007 :    1    |   3   |     2      
RUN-0007 : ---------------------------
RUN-0007 : Control Set = 4
PHY-3001 : Initial placement ...
PHY-3001 : design contains 183 instances, 74 luts, 69 seqs, 30 slices, 6 macros(30 instances: 20 mslices 10 lslices)
PHY-0007 : Cell area utilization is 2%
PHY-3001 : Global placement ...
PHY-3001 : Initial: Len = 28912.6
PHY-3001 : Run with size of 3
PHY-3001 : Cell area utilization is 2%
PHY-3001 : :::0::: Try harder cell spreading with beta_ = 0
PHY-3002 : Step(1): len = 17221.2, overlap = 0
PHY-3002 : Step(2): len = 11262.8, overlap = 0
PHY-3002 : Step(3): len = 8521.7, overlap = 0
PHY-3002 : Step(4): len = 6829, overlap = 0
PHY-3002 : Step(5): len = 6059.7, overlap = 0
PHY-3002 : Step(6): len = 6137.7, overlap = 0
PHY-3002 : Step(7): len = 5488.5, overlap = 0
PHY-3002 : Step(8): len = 5251.9, overlap = 0
PHY-3002 : Step(9): len = 4964.9, overlap = 0
PHY-3002 : Step(10): len = 4489.1, overlap = 0
PHY-3002 : Step(11): len = 4401.5, overlap = 0
PHY-3002 : Step(12): len = 4320.4, overlap = 0
PHY-3002 : Step(13): len = 4065, overlap = 0
PHY-3002 : Step(14): len = 4065, overlap = 0
PHY-3002 : Step(15): len = 3849.5, overlap = 0
PHY-3002 : Step(16): len = 3928.9, overlap = 0
PHY-3002 : Step(17): len = 3928.9, overlap = 0
PHY-3001 : Before Legalized: Len = 3928.9
PHY-3001 : Legalization ...
PHY-3001 : End legalization;  0.000639s wall, 0.000000s user + 0.000000s system = 0.000000s CPU (n/a%)

PHY-3001 : After Legalized: Len = 3928.9, Over = 0
PHY-3001 : Run with size of 3
PHY-3001 : Cell area utilization is 3%
PHY-3001 : :::0::: Try harder cell spreading with beta_ = 0
PHY-3002 : Step(18): len = 3791, overlap = 1.375
PHY-3002 : Step(19): len = 3791, overlap = 1.375
PHY-3002 : Step(20): len = 3797.3, overlap = 1.375
PHY-3002 : Step(21): len = 3797.3, overlap = 1.375
PHY-3002 : Step(22): len = 3733.2, overlap = 1.46875
PHY-3002 : Step(23): len = 3761.8, overlap = 1.46875
PHY-3002 : Step(24): len = 3761.8, overlap = 1.46875
PHY-3001 : Run with size of 1
PHY-3001 : Cell area utilization is 3%
PHY-3001 : :::0::: Try harder cell spreading with beta_ = 1.53725e-05
PHY-3002 : Step(25): len = 3989, overlap = 10.9688
PHY-3002 : Step(26): len = 4046.2, overlap = 10.8438
PHY-3002 : Step(27): len = 4119.2, overlap = 10.5625
PHY-3001 : :::1::: Try harder cell spreading with beta_ = 3.0745e-05
PHY-3002 : Step(28): len = 3987, overlap = 9.0625
PHY-3002 : Step(29): len = 4030.2, overlap = 9.5
PHY-3002 : Step(30): len = 4138.9, overlap = 8.75
PHY-3001 : :::2::: Try harder cell spreading with beta_ = 6.14901e-05
PHY-3002 : Step(31): len = 4000.8, overlap = 8.65625
PHY-3002 : Step(32): len = 4000.8, overlap = 8.65625
PHY-3002 : Step(33): len = 3952.2, overlap = 8.625
PHY-3001 : :::3::: Try harder cell spreading with beta_ = 0.00012298
PHY-3002 : Step(34): len = 4016.8, overlap = 8.8125
PHY-3002 : Step(35): len = 4051.9, overlap = 8.8125
PHY-3001 : :::4::: Try harder cell spreading with beta_ = 0.00024596
PHY-3002 : Step(36): len = 4088.4, overlap = 8.65625
PHY-3002 : Step(37): len = 4093.2, overlap = 8.65625
PHY-3002 : Step(38): len = 4107.9, overlap = 9.0625
PHY-3001 : :::5::: Try harder cell spreading with beta_ = 0.000482479
PHY-3002 : Step(39): len = 4131.9, overlap = 8.53125
PHY-3002 : Step(40): len = 4140.6, overlap = 8.53125
PHY-3002 : Step(41): len = 4237.1, overlap = 9
PHY-3001 : :::6::: Try harder cell spreading with beta_ = 0.000964957
PHY-3002 : Step(42): len = 4215.6, overlap = 7.09375
PHY-3002 : Step(43): len = 4211.7, overlap = 7.09375
PHY-3002 : Step(44): len = 4213.1, overlap = 6.9375
PHY-3001 : :::7::: Try harder cell spreading with beta_ = 0.00162085
PHY-3002 : Step(45): len = 4242.7, overlap = 6.78125
PHY-3002 : Step(46): len = 4254.3, overlap = 6.625
PHY-3002 : Step(47): len = 4305.3, overlap = 6.40625
PHY-3001 : :::8::: Try harder cell spreading with beta_ = 0.00262648
PHY-3002 : Step(48): len = 4296.9, overlap = 6.3125
PHY-3002 : Step(49): len = 4297.8, overlap = 6.3125
PHY-3002 : Step(50): len = 4308.1, overlap = 6.15625
PHY-3001 : :::9::: Try harder cell spreading with beta_ = 0.00457039
PHY-3002 : Step(51): len = 4331.1, overlap = 6.15625
PHY-3002 : Step(52): len = 4382.7, overlap = 5.65625
PHY-3001 : :::10::: Try harder cell spreading with beta_ = 0.00914078
PHY-3002 : Step(53): len = 4378.5, overlap = 5.65625
PHY-3002 : Step(54): len = 4378.5, overlap = 5.65625
PHY-3001 : :::11::: Try harder cell spreading with beta_ = 0.0147898
PHY-3002 : Step(55): len = 4381.2, overlap = 5.5
PHY-3002 : Step(56): len = 4412.2, overlap = 5.5
PHY-3001 : :::12::: Try harder cell spreading with beta_ = 0.0239299
PHY-3002 : Step(57): len = 4408.8, overlap = 5.5
PHY-3002 : Step(58): len = 4426.1, overlap = 5.6875
OPT-1001 : Start physical optimization ...
OPT-1001 : Total overflow 5.69 peak overflow 1.31
OPT-1001 : Start high-fanout net optimization ...
OPT-1001 : Update timing in global mode
PHY-1001 : Start incremental global routing, caller is place ...
RUN-1001 : Generating global routing grids ...
RUN-1001 : Building simple global routing graph ...
PHY-1001 : Generate routing nets ...
PHY-1001 : Reuse net number 0/217.
PHY-1001 : Global iterations in 12 thread ...
PHY-1002 : len = 5120, over cnt = 22(0%), over = 42, worst = 5
PHY-1001 : End global iterations;  0.007864s wall, 0.015625s user + 0.000000s system = 0.015625s CPU (198.7%)

PHY-1001 : Congestion index: top1 = 19.38, top5 = 9.76, top10 = 5.86, top15 = 4.33.
PHY-1001 : End incremental global routing;  0.016337s wall, 0.015625s user + 0.000000s system = 0.015625s CPU (95.6%)

RUN-1002 : start command "start_timer -report"
TMR-5001 WARNING: No sdc constraints found while initiating timer.
TMR-2505 : Start building timing graph for model SGPIO_DEMO_TOP.
TMR-2506 : Build timing graph completely. Port num: 47, tpin num: 807, tnet num: 215, tinst num: 183, tnode num: 1036, tedge num: 1288.
TMR-2508 : Levelizing timing graph completed, there are 17 levels in total.
TMR-2501 : Timing graph initialized successfully.
OPT-1001 : End timing update;  0.033609s wall, 0.015625s user + 0.015625s system = 0.031250s CPU (93.0%)

OPT-1001 : 0 high-fanout net processed.
OPT-1001 : End high-fanout net optimization;  0.051475s wall, 0.031250s user + 0.015625s system = 0.046875s CPU (91.1%)

OPT-1001 : Current memory(MB): used = 112, reserve = 86, peak = 112.
OPT-1001 : End physical optimization;  0.052808s wall, 0.031250s user + 0.015625s system = 0.046875s CPU (88.8%)

PHY-3001 : Start packing ...
SYN-4007 : Packing 0 MUX to BLE ...
SYN-4008 : Packed 0 MUX and 0 SEQ to BLE.
SYN-4007 : Packing 74 LUT to BLE ...
SYN-4008 : Packed 74 LUT and 33 SEQ to BLE.
SYN-4003 : Packing 36 remaining SEQ's ...
SYN-4005 : Packed 30 SEQ with LUT/SLICE
SYN-4006 : 19 single LUT's are left
SYN-4006 : 6 single SEQ's are left
SYN-4011 : Packing model "SGPIO_DEMO_TOP" (AL_USER_NORMAL) with 80/122 primitive instances ...
PHY-3001 : End packing;  0.003578s wall, 0.015625s user + 0.000000s system = 0.015625s CPU (436.7%)

PHY-1001 : Populate physical database on model SGPIO_DEMO_TOP.
RUN-1001 : There are total 86 instances
RUN-1001 : 37 mslices, 37 lslices, 6 pads, 0 brams, 0 dsps
RUN-1001 : There are total 184 nets
RUN-1001 : 84 nets have 2 pins
RUN-1001 : 73 nets have [3 - 5] pins
RUN-1001 : 17 nets have [6 - 10] pins
RUN-1001 : 7 nets have [11 - 20] pins
RUN-1001 : 2 nets have [21 - 99] pins
RUN-1001 : 1 nets have 100+ pins
PHY-3001 : design contains 84 instances, 74 slices, 6 macros(30 instances: 20 mslices 10 lslices)
PHY-3001 : Cell area utilization is 4%
PHY-3001 : After packing: Len = 4401, Over = 7
PHY-3001 : Run with size of 1
PHY-3001 : Cell area utilization is 4%
PHY-3001 : :::0::: Try harder cell spreading with beta_ = 6.07703e-05
PHY-3002 : Step(59): len = 4178, overlap = 7.25
PHY-3002 : Step(60): len = 4166.6, overlap = 7.75
PHY-3002 : Step(61): len = 4179.9, overlap = 8
PHY-3001 : :::1::: Try harder cell spreading with beta_ = 0.000121541
PHY-3002 : Step(62): len = 4280.2, overlap = 6.5
PHY-3002 : Step(63): len = 4342, overlap = 6
PHY-3002 : Step(64): len = 4379.8, overlap = 5.75
PHY-3001 : :::2::: Try harder cell spreading with beta_ = 0.000243081
PHY-3002 : Step(65): len = 4464.5, overlap = 5.25
PHY-3002 : Step(66): len = 4476.4, overlap = 5.25
PHY-3002 : Step(67): len = 4502.5, overlap = 5.75
PHY-3001 : Before Legalized: Len = 4502.5
PHY-3001 : Legalization ...
PHY-3001 : End legalization;  0.017888s wall, 0.000000s user + 0.015625s system = 0.015625s CPU (87.4%)

PHY-3001 : After Legalized: Len = 5156, Over = 0
PHY-3001 : Trial Legalized: Len = 5156
PHY-3001 : Run with size of 1
PHY-3001 : Cell area utilization is 4%
PHY-3001 : :::0::: Try harder cell spreading with beta_ = 0.000267544
PHY-3002 : Step(68): len = 4775.7, overlap = 2.25
PHY-3002 : Step(69): len = 4681.2, overlap = 3
PHY-3002 : Step(70): len = 4702.8, overlap = 3.25
PHY-3002 : Step(71): len = 4685.2, overlap = 3.5
PHY-3001 : :::1::: Try harder cell spreading with beta_ = 0.000535088
PHY-3002 : Step(72): len = 4743, overlap = 3.5
PHY-3002 : Step(73): len = 4758.3, overlap = 3.25
PHY-3001 : :::2::: Try harder cell spreading with beta_ = 0.00107018
PHY-3002 : Step(74): len = 4801.5, overlap = 3.25
PHY-3002 : Step(75): len = 4810.2, overlap = 3.5
PHY-3001 : Before Legalized: Len = 4810.2
PHY-3001 : Legalization ...
PHY-3001 : End legalization;  0.001293s wall, 0.000000s user + 0.000000s system = 0.000000s CPU (n/a%)

PHY-3001 : After Legalized: Len = 5094, Over = 0
PHY-3001 : Legalized: Len = 5094, Over = 0
PHY-3001 : End spreading;  0.000501s wall, 0.000000s user + 0.000000s system = 0.000000s CPU (n/a%)

PHY-3001 : Final: Len = 5094, Over = 0
RUN-1003 : finish command "place" in  1.058276s wall, 1.359375s user + 1.515625s system = 2.875000s CPU (271.7%)

RUN-1004 : used memory is 102 MB, reserved memory is 75 MB, peak memory is 113 MB
RUN-1002 : start command "export_db BAK_DEMO_place.db"
RUN-1001 : Exported /
RUN-1001 : Exported flow parameters
RUN-1001 : Exported libs
RUN-1001 : Exported entities
RUN-1001 : Exported ports
RUN-1001 : Exported pins
RUN-1001 : Exported instances
RUN-1001 : Exported nets
RUN-1001 : Exported buses
RUN-1001 : Exported models
RUN-1001 : Exported congestions
RUN-1001 : Exported violations
RUN-1001 : Exported IO constraints
RUN-1001 : Exported Inst constraints
RUN-1002 : start command "route"
RUN-1001 : Open license file D:/Software/TD5.6/license/Anlogic.lic
RUN-1001 : Print Global Property
RUN-1001 : ---------------------------------------------------------------
RUN-1001 :        Parameters        |  Settings  |  Default Values  |  Note  
RUN-1001 : ---------------------------------------------------------------
RUN-1001 :          message         |  standard  |     standard     |        
RUN-1001 :   mixed_pack_place_flow  |     on     |        on        |        
RUN-1001 :        qor_monitor       |    off     |       off        |        
RUN-1001 :        syn_ip_flow       |    off     |       off        |        
RUN-1001 :          thread          |    auto    |       auto       |        
RUN-1001 : ---------------------------------------------------------------
RUN-1001 : Print Route Property
RUN-1001 : -------------------------------------------------------
RUN-1001 :    Parameters    |  Settings  |  Default Values  |  Note  
RUN-1001 : -------------------------------------------------------
RUN-1001 :      effort      |   medium   |      medium      |        
RUN-1001 :     fix_hold     |    off     |       off        |        
RUN-1001 :    opt_timing    |   medium   |      medium      |        
RUN-1001 :   phy_sim_model  |    off     |       off        |        
RUN-1001 :     priority     |   timing   |      timing      |        
RUN-1001 :     swap_pin     |     on     |        on        |        
RUN-1001 : -------------------------------------------------------
PHY-1001 : Route runs in 12 thread(s)
RUN-1001 : There are total 86 instances
RUN-1001 : 37 mslices, 37 lslices, 6 pads, 0 brams, 0 dsps
RUN-1001 : There are total 184 nets
RUN-1001 : 84 nets have 2 pins
RUN-1001 : 73 nets have [3 - 5] pins
RUN-1001 : 17 nets have [6 - 10] pins
RUN-1001 : 7 nets have [11 - 20] pins
RUN-1001 : 2 nets have [21 - 99] pins
RUN-1001 : 1 nets have 100+ pins
RUN-1002 : start command "start_timer -report"
TMR-5001 WARNING: No sdc constraints found while initiating timer.
TMR-2505 : Start building timing graph for model SGPIO_DEMO_TOP.
TMR-2506 : Build timing graph completely. Port num: 47, tpin num: 688, tnet num: 182, tinst num: 84, tnode num: 864, tedge num: 1143.
TMR-2508 : Levelizing timing graph completed, there are 17 levels in total.
TMR-2501 : Timing graph initialized successfully.
PHY-1001 : 37 mslices, 37 lslices, 6 pads, 0 brams, 0 dsps
TMR-2503 : Start to update net delay, extr mode = 3.
TMR-2504 : Update delay of 182 nets completely.
TMR-2502 : Annotate delay completely, extr mode = 3.
TMR-3002 : No user constraint, initiate default constraint.
TMR-1501 : Assign derive clock DeriveClock to 94 clock pins, and constraint 174 relative nodes.
TMR-3003 : Constraints initiated successfully.
TMR-3501 : Forward propagation: start to calculate arrival time...
TMR-3502 : Backward propagation: start to calculate required time...
TMR-3503 : Timing propagation completes.
PHY-1001 : Start global routing, caller is route ...
RUN-1001 : Generating global routing grids ...
PHY-1001 : Generate routing nets ...
PHY-1001 : Global iterations in 12 thread ...
PHY-1002 : len = 5720, over cnt = 11(0%), over = 28, worst = 5
PHY-1002 : len = 5752, over cnt = 7(0%), over = 15, worst = 4
PHY-1002 : len = 5976, over cnt = 0(0%), over = 0, worst = 0
PHY-1001 : End global iterations;  0.013955s wall, 0.015625s user + 0.015625s system = 0.031250s CPU (223.9%)

PHY-1001 : Congestion index: top1 = 17.14, top5 = 10.78, top10 = 6.59, top15 = 4.86.
PHY-1001 : End global routing;  0.020412s wall, 0.015625s user + 0.015625s system = 0.031250s CPU (153.1%)

PHY-1001 : Start detail routing ...
PHY-1001 : Current memory(MB): used = 130, reserve = 103, peak = 139.
PHY-1001 : Detailed router is running in normal mode.
PHY-1001 : Generate detailed routing grids ...
PHY-1001 : Generate nets ...
PHY-1001 : clock net sys_clk_syn_4 will be merged with clock sys_clk_dup_1
PHY-1001 : clock net u_bak_demo/clk0_out will be merged with clock u_bak_demo/clk0_buf
PHY-1001 : Current memory(MB): used = 208, reserve = 182, peak = 208.
PHY-1001 : End build detailed router design. 0.823259s wall, 0.812500s user + 0.000000s system = 0.812500s CPU (98.7%)

PHY-1001 : Detail Route ...
PHY-1001 : ===== Detail Route Phase 1 =====
PHY-1001 : Clock net routing.....
PHY-1001 : Routed 1% nets.
PHY-1022 : len = 3208, over cnt = 0(0%), over = 0, worst = 0, crit = 0
PHY-1001 : End initial clock net routed; 0.046146s wall, 0.046875s user + 0.000000s system = 0.046875s CPU (101.6%)

PHY-1001 : Current memory(MB): used = 216, reserve = 190, peak = 216.
PHY-1001 : End phase 1; 0.047129s wall, 0.046875s user + 0.000000s system = 0.046875s CPU (99.5%)

PHY-1001 : ===== Detail Route Phase 2 =====
PHY-1001 : Initial routing.....
PHY-1001 : Routed 39% nets.
PHY-1001 : Routed 41% nets.
PHY-1001 : Routed 48% nets.
PHY-1001 : Routed 63% nets.
PHY-1001 : Routed 81% nets.
PHY-1022 : len = 14368, over cnt = 2(0%), over = 2, worst = 1, crit = 0
PHY-1001 : Current memory(MB): used = 216, reserve = 190, peak = 216.
PHY-1001 : End initial routed; 0.175182s wall, 0.171875s user + 0.046875s system = 0.218750s CPU (124.9%)

PHY-1001 : Current memory(MB): used = 216, reserve = 190, peak = 216.
PHY-1001 : End phase 2; 0.175211s wall, 0.171875s user + 0.046875s system = 0.218750s CPU (124.8%)

PHY-1001 : ===== Detail Route Phase 3 =====
PHY-1001 : Ripup-reroute.....
PHY-1001 : ===== DR Iter 1 =====
PHY-1022 : len = 14392, over cnt = 0(0%), over = 0, worst = 0, crit = 0
PHY-1001 : End DR Iter 1; 0.003151s wall, 0.046875s user + 0.015625s system = 0.062500s CPU (1983.4%)

PHY-1001 : Commit to database.....
PHY-1001 : 0 feed throughs used by 0 nets
PHY-1001 : End commit to database; 0.018003s wall, 0.015625s user + 0.000000s system = 0.015625s CPU (86.8%)

PHY-1001 : Current memory(MB): used = 223, reserve = 197, peak = 223.
PHY-1001 : End phase 3; 0.034506s wall, 0.062500s user + 0.015625s system = 0.078125s CPU (226.4%)

PHY-1003 : Routed, final wirelength = 14392
PHY-1001 : Current memory(MB): used = 223, reserve = 197, peak = 223.
PHY-1001 : End export database. 0.003746s wall, 0.000000s user + 0.000000s system = 0.000000s CPU (n/a%)

PHY-1001 : End detail routing;  1.142821s wall, 1.156250s user + 0.062500s system = 1.218750s CPU (106.6%)

RUN-1003 : finish command "route" in  1.197110s wall, 1.203125s user + 0.078125s system = 1.281250s CPU (107.0%)

RUN-1004 : used memory is 193 MB, reserved memory is 166 MB, peak memory is 223 MB
RUN-1002 : start command "report_area -io_info -file BAK_DEMO_phy.area"
RUN-1001 : standard
***Report Model: SGPIO_DEMO_TOP Device: EF2L15LG100B***

IO Statistics
#IO                        47
  #input                   16
  #output                  30
  #inout                    1

Utilization Statistics
#lut                      134   out of   1520    8.82%
#reg                       69   out of   1520    4.54%
#le                       140
  #lut only                71   out of    140   50.71%
  #reg only                 6   out of    140    4.29%
  #lut&reg                 63   out of    140   45.00%
#dsp                        0   out of      8    0.00%
#bram                       0   out of      6    0.00%
  #bram9k                   0
  #fifo9k                   0
#bram32k                    0   out of      3    0.00%
#bram128k                   0   out of      1    0.00%
#bram256k                   0   out of      1    0.00%
#pad                        6   out of     76    7.89%
  #ireg                     1
  #oreg                     4
  #treg                     0
#pll                        1   out of      1  100.00%
#gclk                       2   out of     16   12.50%

Clock Resource Statistics
Index     ClockNet               Type               DriverType         Driver                       Fanout
#1        sys_clk_dup_1          GCLK               io                 sys_clk_syn_2.di             49
#2        u_bak_demo/clk0_buf    GCLK               pll                u_bak_demo/pll_inst.clkc0    1


Detailed IO Report

     Name        Direction    Location    IOStandard    DriveStrength    PullType    PackReg  
    sys_clk        INPUT        P10        LVCMOS25          N/A          PULLUP      NONE    
     PWM1         OUTPUT         P1        LVCMOS25          16            NONE       OREG    
     PWM2         OUTPUT        P24        LVCMOS25          16            NONE       OREG    
     PWM3         OUTPUT         P4        LVCMOS25          16            NONE       OREG    
     PWM4         OUTPUT        P60        LVCMOS25          16            NONE       OREG    
  smb_iic_sda      INOUT        P77        LVCMOS25           8           PULLUP      IREG    

Report Hierarchy Area:
+--------------------------------------------------------------------------------------+
|Instance         |Module         |le     |lut     |ripple  |seq     |bram    |dsp     |
+--------------------------------------------------------------------------------------+
|top              |SGPIO_DEMO_TOP |140    |104     |30      |74      |0       |0       |
|  u_bak_demo     |bak_demo       |0      |0       |0       |0       |0       |0       |
|  u_smb_iic_ctrl |smb_iic_ctrl   |89     |68      |20      |35      |0       |0       |
+--------------------------------------------------------------------------------------+


DataNet Average Fanout:

   Index     Fanout    Nets  
    #1         1        77   
    #2         2        61   
    #3         3        9    
    #4         4        3    
    #5        5-10      19   
    #6       11-50      5    
  Average     2.60           

RUN-1002 : start command "export_db BAK_DEMO_pr.db"
RUN-1001 : Exported /
RUN-1001 : Exported flow parameters
RUN-1001 : Exported libs
RUN-1001 : Exported entities
RUN-1001 : Exported ports
RUN-1001 : Exported pins
RUN-1001 : Exported instances
RUN-1001 : Exported nets
RUN-1001 : Exported buses
RUN-1001 : Exported models
RUN-1001 : Exported congestions
RUN-1001 : Exported violations
RUN-1001 : Exported IO constraints
RUN-1001 : Exported Inst constraints
RUN-1002 : start command "export_bid BAK_DEMO_inst.bid"
RUN-1002 : start command "bitgen -bit BAK_DEMO.bit"
BIT-1003 : Start to generate bitstream. 
BIT-1002 : Init instances with 12 threads.
BIT-1002 : Init instances completely, inst num: 84
BIT-1002 : Init pips with 12 threads.
BIT-1002 : Init pips completely, net num: 184, pip num: 1571
BIT-1003 : Multithreading accelaration with 12 threads.
BIT-1003 : Generate bitstream completely, there are 234 valid insts, and 4650 bits set as '1'.
BIT-1004 : Generate bits file BAK_DEMO.bit.
RUN-1002 : start command "backup_run_log run.log ../.logs/phy_1/td_20250327_181808.log"
